[2026-08-31 21:46:50] INFO [django.server:213] "GET /health/ HTTP/1.1" 200 16
[2026-08-31 21:46:50] INFO [django.server:81] - Broken pipe from ('127.0.0.1', 62190)
[2026-08-31 21:49:04] INFO [django.server:213] "POST /api/auth/login/ HTTP/1.1" 200 851
[2026-08-31 21:49:08] INFO [apps.accounts.signals:13] New user registered: Username 'debugstud3', Role 'student', ID 8
[2026-08-31 21:49:08] ERROR [core.exceptions:48] Unhandled server error
Traceback (most recent call last):
  File "C:\Users\hari1\FACE_ATTENDANCE\venv\Lib\site-packages\django\db\backends\utils.py", line 105, in _execute
    return self.cursor.execute(sql, params)
           ~~~~~~~~~~~~~~~~~~~^^^^^^^^^^^^^
  File "C:\Users\hari1\FACE_ATTENDANCE\venv\Lib\site-packages\psycopg\cursor.py", line 97, in execute
    raise ex.with_traceback(None)
psycopg.errors.UniqueViolation: duplicate key value violates unique constraint "accounts_studentprofile_roll_number_key"
DETAIL:  Key (roll_number)=(DBG001) already exists.

The above exception was the direct cause of the following exception:

Traceback (most recent call last):
  File "C:\Users\hari1\FACE_ATTENDANCE\venv\Lib\site-packages\rest_framework\views.py", line 506, in dispatch
    response = handler(request, *args, **kwargs)
  File "C:\Users\hari1\FACE_ATTENDANCE\venv\Lib\site-packages\rest_framework\generics.py", line 194, in post
    return self.create(request, *args, **kwargs)
           ~~~~~~~~~~~^^^^^^^^^^^^^^^^^^^^^^^^^^
  File "C:\Users\hari1\FACE_ATTENDANCE\backend\apps\accounts\views.py", line 81, in create
    user = serializer.save()
  File "C:\Users\hari1\FACE_ATTENDANCE\venv\Lib\site-packages\rest_framework\serializers.py", line 208, in save
    self.instance = self.create(validated_data)
                    ~~~~~~~~~~~^^^^^^^^^^^^^^^^
  File "C:\Users\hari1\FACE_ATTENDANCE\backend\apps\accounts\serializers.py", line 192, in create
            )
            ^
    ...<12 lines>...
                "A student with this roll number already exists."
    
  File "C:\Users\hari1\FACE_ATTENDANCE\venv\Lib\site-packages\django\db\models\manager.py", line 87, in manager_method
    return getattr(self.get_queryset(), name)(*args, **kwargs)
           ~~~~~~~~~~~~~~~~~~~~~~~~~~~~~~~~~~^^^^^^^^^^^^^^^^^
  File "C:\Users\hari1\FACE_ATTENDANCE\venv\Lib\site-packages\django\db\models\query.py", line 679, in create
    obj.save(force_insert=True, using=self.db)
    ~~~~~~~~^^^^^^^^^^^^^^^^^^^^^^^^^^^^^^^^^^
  File "C:\Users\hari1\FACE_ATTENDANCE\venv\Lib\site-packages\django\db\models\base.py", line 892, in save
    self.save_base(
    ~~~~~~~~~~~~~~^
        using=using,
        ^^^^^^^^^^^^
    ...<2 lines>...
        update_fields=update_fields,
        ^^^^^^^^^^^^^^^^^^^^^^^^^^^^
    )
    ^
  File "C:\Users\hari1\FACE_ATTENDANCE\venv\Lib\site-packages\django\db\models\base.py", line 998, in save_base
    updated = self._save_table(
        raw,
    ...<4 lines>...
        update_fields,
    )
  File "C:\Users\hari1\FACE_ATTENDANCE\venv\Lib\site-packages\django\db\models\base.py", line 1161, in _save_table
    results = self._do_insert(
        cls._base_manager, using, fields, returning_fields, raw
    )
  File "C:\Users\hari1\FACE_ATTENDANCE\venv\Lib\site-packages\django\db\models\base.py", line 1202, in _do_insert
    return manager._insert(
           ~~~~~~~~~~~~~~~^
        [self],
        ^^^^^^^
    ...<3 lines>...
        raw=raw,
        ^^^^^^^^
    )
    ^
  File "C:\Users\hari1\FACE_ATTENDANCE\venv\Lib\site-packages\django\db\models\manager.py", line 87, in manager_method
    return getattr(self.get_queryset(), name)(*args, **kwargs)
           ~~~~~~~~~~~~~~~~~~~~~~~~~~~~~~~~~~^^^^^^^^^^^^^^^^^
  File "C:\Users\hari1\FACE_ATTENDANCE\venv\Lib\site-packages\django\db\models\query.py", line 1847, in _insert
    return query.get_compiler(using=using).execute_sql(returning_fields)
           ~~~~~~~~~~~~~~~~~~~~~~~~~~~~~~~~~~~~~~~~~~~^^^^^^^^^^^^^^^^^^
  File "C:\Users\hari1\FACE_ATTENDANCE\venv\Lib\site-packages\django\db\models\sql\compiler.py", line 1836, in execute_sql
    cursor.execute(sql, params)
    ~~~~~~~~~~~~~~^^^^^^^^^^^^^
  File "C:\Users\hari1\FACE_ATTENDANCE\venv\Lib\site-packages\django\db\backends\utils.py", line 122, in execute
    return super().execute(sql, params)
           ~~~~~~~~~~~~~~~^^^^^^^^^^^^^
  File "C:\Users\hari1\FACE_ATTENDANCE\venv\Lib\site-packages\django\db\backends\utils.py", line 79, in execute
    return self._execute_with_wrappers(
           ~~~~~~~~~~~~~~~~~~~~~~~~~~~^
        sql, params, many=False, executor=self._execute
        ^^^^^^^^^^^^^^^^^^^^^^^^^^^^^^^^^^^^^^^^^^^^^^^
    )
    ^
  File "C:\Users\hari1\FACE_ATTENDANCE\venv\Lib\site-packages\django\db\backends\utils.py", line 92, in _execute_with_wrappers
    return executor(sql, params, many, context)
  File "C:\Users\hari1\FACE_ATTENDANCE\venv\Lib\site-packages\django\db\backends\utils.py", line 100, in _execute
    with self.db.wrap_database_errors:
         ^^^^^^^^^^^^^^^^^^^^^^^^^^^^
  File "C:\Users\hari1\FACE_ATTENDANCE\venv\Lib\site-packages\django\db\utils.py", line 91, in __exit__
    raise dj_exc_value.with_traceback(traceback) from exc_value
  File "C:\Users\hari1\FACE_ATTENDANCE\venv\Lib\site-packages\django\db\backends\utils.py", line 105, in _execute
    return self.cursor.execute(sql, params)
           ~~~~~~~~~~~~~~~~~~~^^^^^^^^^^^^^
  File "C:\Users\hari1\FACE_ATTENDANCE\venv\Lib\site-packages\psycopg\cursor.py", line 97, in execute
    raise ex.with_traceback(None)
django.db.utils.IntegrityError: duplicate key value violates unique constraint "accounts_studentprofile_roll_number_key"
DETAIL:  Key (roll_number)=(DBG001) already exists.
[2026-08-31 21:49:08] ERROR [django.request:248] Internal Server Error: /api/auth/register/student/
[2026-08-31 21:49:08] ERROR [django.server:213] "POST /api/auth/register/student/ HTTP/1.1" 500 90
[2026-08-31 21:49:11] INFO [apps.accounts.signals:13] New user registered: Username 'debugstud4', Role 'student', ID 9
[2026-08-31 21:49:11] INFO [django.server:213] "POST /api/auth/register/student/ HTTP/1.1" 201 242
[2026-08-31 21:49:11] INFO [django.server:81] - Broken pipe from ('127.0.0.1', 54387)
